// Jest Snapshot v1, https://goo.gl/fbAQLP

exports[`DropdownItem matches snapshot 1`] = `
<body>
  <div>
    <a
      class="dropdown-item is-link"
      href="#end"
      role="menuitem"
      type="button"
    >
      Item 1
    </a>
  </div>
</body>
`;
